{
  "positionedGlyphs": [
    {
      "glyph": 65,
      "x": -52.5,
      "y": -41,
      "vertical": false,
      "scale": 1,
      "fontStack": "Test"
    },
    {
      "glyph": 32,
      "x": -37.5,
      "y": -41,
      "vertical": false,
      "scale": 1,
      "fontStack": "Test"
    },
    {
      "glyph": 66,
      "x": -31.5,
      "y": -41,
      "vertical": false,
      "scale": 1,
      "fontStack": "Test"
    },
    {
      "glyph": 67,
      "x": -16.5,
      "y": -41,
      "vertical": false,
      "scale": 1,
      "fontStack": "Test"
    },
    {
      "glyph": 32,
      "x": -1.5,
      "y": -41,
      "vertical": false,
      "scale": 1,
      "fontStack": "Test"
    },
    {
      "glyph": 68,
      "x": 4.5,
      "y": -41,
      "vertical": false,
      "scale": 1,
      "fontStack": "Test"
    },
    {
      "glyph": 69,
      "x": 21.5,
      "y": -41,
      "vertical": false,
      "scale": 1,
      "fontStack": "Test"
    },
    {
      "glyph": 32,
      "x": 34.5,
      "y": -41,
      "vertical": false,
      "scale": 1,
      "fontStack": "Test"
    },
    {
      "glyph": 70,
      "x": 40.5,
      "y": -41,
      "vertical": false,
      "scale": 1,
      "fontStack": "Test"
    },
    {
      "glyph": 71,
      "x": -51,
      "y": -17,
      "vertical": false,
      "scale": 1,
      "fontStack": "Test"
    },
    {
      "glyph": 32,
      "x": -34,
      "y": -17,
      "vertical": false,
      "scale": 1,
      "fontStack": "Test"
    },
    {
      "glyph": 72,
      "x": -28,
      "y": -17,
      "vertical": false,
      "scale": 1,
      "fontStack": "Test"
    },
    {
      "glyph": 32,
      "x": -11,
      "y": -17,
      "vertical": false,
      "scale": 1,
      "fontStack": "Test"
    },
    {
      "glyph": 73,
      "x": -5,
      "y": -17,
      "vertical": false,
      "scale": 1,
      "fontStack": "Test"
    },
    {
      "glyph": 32,
      "x": 1,
      "y": -17,
      "vertical": false,
      "scale": 1,
      "fontStack": "Test"
    },
    {
      "glyph": 74,
      "x": 7,
      "y": -17,
      "vertical": false,
      "scale": 1,
      "fontStack": "Test"
    },
    {
      "glyph": 32,
      "x": 13,
      "y": -17,
      "vertical": false,
      "scale": 1,
      "fontStack": "Test"
    },
    {
      "glyph": 75,
      "x": 19,
      "y": -17,
      "vertical": false,
      "scale": 1,
      "fontStack": "Test"
    },
    {
      "glyph": 32,
      "x": 33,
      "y": -17,
      "vertical": false,
      "scale": 1,
      "fontStack": "Test"
    },
    {
      "glyph": 76,
      "x": 39,
      "y": -17,
      "vertical": false,
      "scale": 1,
      "fontStack": "Test"
    },
    {
      "glyph": 77,
      "x": -22.5,
      "y": 7,
      "vertical": false,
      "scale": 1,
      "fontStack": "Test"
    },
    {
      "glyph": 32,
      "x": -1.5,
      "y": 7,
      "vertical": false,
      "scale": 1,
      "fontStack": "Test"
    },
    {
      "glyph": 78,
      "x": 4.5,
      "y": 7,
      "vertical": false,
      "scale": 1,
      "fontStack": "Test"
    }
  ],
  "text": "A B​C D​E F​G H I J K L​M N",
  "top": -36,
  "bottom": 36,
  "left": -52.5,
  "right": 52.5,
  "writingMode": 1,
  "lineCount": 3
}